{
  "path": "specs/domain/good.md",
  "expect": [],
  "disposition": "clean",
  "family": "the compliant pole",
  "defeats": "an INERT-detector reading of the firing cases. NOTE: this silence is a verdict on invariant 1 ALONE — the opaque-`<domain>`, ecosystem-relative, no-readable-client-name and inert-at-loom invariants are UNEXAMINED and remain gate-review's."
}
